// Vitest Snapshot v1, https://vitest.dev/guide/snapshot.html

exports[`SceneRenderer visual output > records drawing operations for snapshot comparison 1`] = `
[
  "clearRect 0 0 720 1280",
  "set fillStyle #0B0F14",
  "fillRect 0.0 0.0 720.0 1280.0 style=#0B0F14",
  "linear-gradient 0.0,0.0,720.0,1280.0",
  "linear-stop 0.00 rgba(56, 189, 248, 0.18)",
  "linear-stop 0.50 rgba(192, 132, 252, 0.14)",
  "linear-stop 1.00 rgba(15, 23, 42, 0.3)",
  "set fillStyle [object Object]",
  "fillRect 0.0 0.0 720.0 1280.0 style=[object Object]",
  "linear-gradient 0.0,0.0,0.0,1280.0",
  "linear-stop 0.00 rgba(15, 23, 42, 0.45)",
  "linear-stop 0.60 rgba(8, 47, 73, 0.35)",
  "linear-stop 1.00 rgba(12, 38, 63, 0.55)",
  "set fillStyle [object Object]",
  "fillRect 24.0 0.0 168.0 1280.0 style=[object Object]",
  "set fillStyle rgba(56, 189, 248, 0.08)",
  "fillRect 24.0 0.0 1.5 1280.0 style=rgba(56, 189, 248, 0.08)",
  "linear-gradient 0.0,0.0,0.0,1280.0",
  "linear-stop 0.00 rgba(15, 23, 42, 0.45)",
  "linear-stop 0.60 rgba(8, 47, 73, 0.35)",
  "linear-stop 1.00 rgba(12, 38, 63, 0.55)",
  "set fillStyle [object Object]",
  "fillRect 192.0 0.0 168.0 1280.0 style=[object Object]",
  "set fillStyle rgba(56, 189, 248, 0.08)",
  "fillRect 192.0 0.0 1.5 1280.0 style=rgba(56, 189, 248, 0.08)",
  "linear-gradient 0.0,0.0,0.0,1280.0",
  "linear-stop 0.00 rgba(15, 23, 42, 0.45)",
  "linear-stop 0.60 rgba(8, 47, 73, 0.35)",
  "linear-stop 1.00 rgba(12, 38, 63, 0.55)",
  "set fillStyle [object Object]",
  "fillRect 360.0 0.0 168.0 1280.0 style=[object Object]",
  "set fillStyle rgba(56, 189, 248, 0.08)",
  "fillRect 360.0 0.0 1.5 1280.0 style=rgba(56, 189, 248, 0.08)",
  "linear-gradient 0.0,0.0,0.0,1280.0",
  "linear-stop 0.00 rgba(15, 23, 42, 0.45)",
  "linear-stop 0.60 rgba(8, 47, 73, 0.35)",
  "linear-stop 1.00 rgba(12, 38, 63, 0.55)",
  "set fillStyle [object Object]",
  "fillRect 528.0 0.0 168.0 1280.0 style=[object Object]",
  "set fillStyle rgba(56, 189, 248, 0.08)",
  "fillRect 528.0 0.0 1.5 1280.0 style=rgba(56, 189, 248, 0.08)",
  "save",
  "linear-gradient 54.2,1023.2,54.2,1144.2",
  "linear-stop 0.00 rgba(56, 189, 248, 0.6875)",
  "linear-stop 1.00 rgba(34, 211, 238, 0.5041666666666667)",
  "set fillStyle [object Object]",
  "beginPath",
  "moveTo 108.0 962.7",
  "lineTo 108.0 962.7",
  "quadraticCurveTo 161.8 962.7 161.8 1016.5 style=[object Object]",
  "lineTo 161.8 1029.9",
  "quadraticCurveTo 161.8 1083.7 108.0 1083.7 style=[object Object]",
  "lineTo 108.0 1083.7",
  "quadraticCurveTo 54.2 1083.7 54.2 1029.9 style=[object Object]",
  "lineTo 54.2 1016.5",
  "quadraticCurveTo 54.2 962.7 108.0 962.7 style=[object Object]",
  "closePath",
  "fill style=[object Object]",
  "restore",
  "save",
  "linear-gradient 222.2,1232.0,222.2,1353.0",
  "linear-stop 0.00 rgba(56, 189, 248, 0.75)",
  "linear-stop 1.00 rgba(34, 211, 238, 0.55)",
  "set fillStyle [object Object]",
  "beginPath",
  "moveTo 276.0 1171.5",
  "lineTo 276.0 1171.5",
  "quadraticCurveTo 329.8 1171.5 329.8 1225.3 style=[object Object]",
  "lineTo 329.8 1238.7",
  "quadraticCurveTo 329.8 1292.5 276.0 1292.5 style=[object Object]",
  "lineTo 276.0 1292.5",
  "quadraticCurveTo 222.2 1292.5 222.2 1238.7 style=[object Object]",
  "lineTo 222.2 1225.3",
  "quadraticCurveTo 222.2 1171.5 276.0 1171.5 style=[object Object]",
  "closePath",
  "fill style=[object Object]",
  "restore",
  "linear-gradient 0.0,1126.4,0.0,1280.0",
  "linear-stop 0.00 rgba(12, 74, 110, 0.45)",
  "linear-stop 1.00 rgba(8, 47, 73, 0.75)",
  "set fillStyle [object Object]",
  "fillRect 24.0 1126.4 672.0 153.6 style=[object Object]",
  "set strokeStyle rgba(148, 163, 184, 0.35)",
  "set lineWidth 2.0",
  "beginPath",
  "moveTo 24.0 1203.2",
  "lineTo 696.0 1203.2",
  "stroke style=rgba(148, 163, 184, 0.35) width=2.0",
  "radial-gradient 444.0,1161.2,13.4,444.0,1161.2,80.6",
  "radial-stop 0.00 rgba(34, 211, 238, 0.55)",
  "radial-stop 1.00 rgba(34, 211, 238, 0)",
  "set fillStyle [object Object]",
  "fillRect 363.4 1080.6 161.3 161.3 style=[object Object]",
  "set fillStyle rgba(56, 189, 248, 0.95)",
  "beginPath",
  "ellipse 444.0 1161.2 57.1 37.0 style=rgba(56, 189, 248, 0.95)",
  "fill style=rgba(56, 189, 248, 0.95)",
  "radial-gradient 276.0,1203.2,17.7,276.0,1203.2,70.7",
  "radial-stop 0.00 #34d399cc",
  "radial-stop 1.00 #34d39900",
  "set fillStyle [object Object]",
  "set globalAlpha 0.33",
  "beginPath",
  "arc 276.0 1203.2 70.7 style=[object Object] alpha=0.33",
  "fill style=[object Object]",
  "set globalAlpha 1.00",
  "radial-gradient 444.0,1203.2,23.0,444.0,1203.2,92.0",
  "radial-stop 0.00 #f87171cc",
  "radial-stop 1.00 #f8717100",
  "set fillStyle [object Object]",
  "set globalAlpha 0.00",
  "beginPath",
  "arc 444.0 1203.2 92.0 style=[object Object] alpha=0.00",
  "fill style=[object Object]",
  "set globalAlpha 1.00",
]
`;
