// Vitest Snapshot v1, https://vitest.dev/guide/snapshot.html

exports[`SceneRenderer textures > applies texture fills and sprite drawing when assets are available 1`] = `
[
  "clearRect 0 0 800 600",
  "save",
  "set fillStyle pattern:background",
  "fillRect 0 0 800 600 style=pattern:background",
  "restore",
  "set fillStyle gradient:radial(400.00,300.00,60.00,400.00,300.00,480.00)[0.00:rgba(14, 165, 233, 0.135)|0.25:rgba(13, 148, 136, 0.09)|1.00:#020617]",
  "fillRect 0 0 800 600 style=gradient:radial(400.00,300.00,60.00,400.00,300.00,480.00)[0.00:rgba(14, 165, 233, 0.135)|0.25:rgba(13, 148, 136, 0.09)|1.00:#020617]",
  "save",
  "set fillStyle pattern:ground",
  "fillRect 0 500 800 100 style=pattern:ground",
  "restore",
  "set fillStyle gradient:linear(0.00,500.00,0.00,600.00)[0.00:rgba(15, 118, 110, 0.45)|1.00:rgba(15, 23, 42, 0.7)]",
  "fillRect 0 500 800 100 style=gradient:linear(0.00,500.00,0.00,600.00)[0.00:rgba(15, 118, 110, 0.45)|1.00:rgba(15, 23, 42, 0.7)]",
  "set strokeStyle rgba(56, 189, 248, 0.2)",
  "set lineWidth 2",
  "beginPath",
  "moveTo 0 500",
  "lineTo 800 500",
  "stroke style=rgba(56, 189, 248, 0.2) width=2",
  "save",
  "set fillStyle pattern:obstacle-spire",
  "beginPath",
  "moveTo 265 340",
  "lineTo 290 460",
  "lineTo 240 460",
  "closePath",
  "fill style=pattern:obstacle-spire",
  "restore",
  "set strokeStyle rgba(244, 244, 255, 0.2)",
  "set lineWidth 1",
  "stroke style=rgba(244, 244, 255, 0.2) width=1",
  "save",
  "set fillStyle pattern:obstacle-pulse",
  "beginPath",
  "roundRect 360 360 60 90 10",
  "fill style=pattern:obstacle-pulse",
  "restore",
  "save",
  "set fillStyle pattern:obstacle-block",
  "beginPath",
  "roundRect 500 320 80 140 10",
  "fill style=pattern:obstacle-block",
  "restore",
  "set strokeStyle rgba(244, 244, 255, 0.2)",
  "set lineWidth 1",
  "stroke style=rgba(244, 244, 255, 0.2) width=1",
  "save",
  "translate 0 0",
  "drawImage 120 380 48 72",
  "set globalAlpha 0.45",
  "set fillStyle rgba(56, 189, 248, 0.45)",
  "beginPath",
  "fill style=rgba(56, 189, 248, 0.45)",
  "restore",
]
`;
